<?xml version="1.0" encoding="utf-8"?><testsuites name="pytest tests"><testsuite name="pytest" errors="0" failures="0" skipped="0" tests="28" time="0.997" timestamp="2025-07-28T09:52:09.156370+00:00" hostname="pkrvmpptgkbjq6m"><testcase classname="test_e2e_backend.TestHealthEndpoints" name="test_root_endpoint" time="0.010" /><testcase classname="test_e2e_backend.TestHealthEndpoints" name="test_health_endpoint" time="0.004" /><testcase classname="test_e2e_backend.TestHealthEndpoints" name="test_api_documentation" time="0.009" /><testcase classname="test_e2e_backend.TestAlertCreation" name="test_create_valid_alert" time="0.010" /><testcase classname="test_e2e_backend.TestAlertCreation" name="test_create_alert_symbol_normalization" time="0.006" /><testcase classname="test_e2e_backend.TestAlertCreation" name="test_create_alert_optional_fields" time="0.006" /><testcase classname="test_e2e_backend.TestAlertCreation" name="test_create_alert_validation_errors" time="0.010" /><testcase classname="test_e2e_backend.TestAlertCreation" name="test_create_multiple_alerts" time="0.015" /><testcase classname="test_e2e_backend.TestAlertRetrieval" name="test_get_empty_alerts_list" time="0.006" /><testcase classname="test_e2e_backend.TestAlertRetrieval" name="test_get_alerts_with_data" time="0.014" /><testcase classname="test_e2e_backend.TestAlertRetrieval" name="test_get_alert_by_id" time="0.008" /><testcase classname="test_e2e_backend.TestAlertRetrieval" name="test_get_nonexistent_alert" time="0.007" /><testcase classname="test_e2e_backend.TestAlertRetrieval" name="test_filter_alerts_by_symbol" time="0.014" /><testcase classname="test_e2e_backend.TestAlertRetrieval" name="test_filter_alerts_by_active_status" time="0.014" /><testcase classname="test_e2e_backend.TestAlertRetrieval" name="test_pagination" time="0.016" /><testcase classname="test_e2e_backend.TestAlertUpdate" name="test_update_alert_full" time="0.009" /><testcase classname="test_e2e_backend.TestAlertUpdate" name="test_update_alert_partial" time="0.009" /><testcase classname="test_e2e_backend.TestAlertUpdate" name="test_update_nonexistent_alert" time="0.005" /><testcase classname="test_e2e_backend.TestAlertUpdate" name="test_update_alert_symbol_normalization" time="0.009" /><testcase classname="test_e2e_backend.TestAlertDeletion" name="test_delete_alert" time="0.011" /><testcase classname="test_e2e_backend.TestAlertDeletion" name="test_delete_nonexistent_alert" time="0.005" /><testcase classname="test_e2e_backend.TestAlertDeletion" name="test_delete_alert_persistence" time="0.021" /><testcase classname="test_e2e_backend.TestErrorHandling" name="test_invalid_json_request" time="0.003" /><testcase classname="test_e2e_backend.TestErrorHandling" name="test_large_threshold_values" time="0.006" /><testcase classname="test_e2e_backend.TestErrorHandling" name="test_negative_threshold_values" time="0.006" /><testcase classname="test_e2e_backend.TestErrorHandling" name="test_special_characters_in_message" time="0.006" /><testcase classname="test_e2e_backend.TestCompleteWorkflow" name="test_complete_alert_lifecycle" time="0.014" /><testcase classname="test_e2e_backend.TestCompleteWorkflow" name="test_bulk_operations_workflow" time="0.034" /></testsuite></testsuites>